> Task :app:preBuild UP-TO-DATE
> Task :app:preDebugBuild UP-TO-DATE
> Task :app:mergeDebugNativeDebugMetadata NO-SOURCE
> Task :app:checkKotlinGradlePluginConfigurationErrors SKIPPED
> Task :app:dataBindingMergeDependencyArtifactsDebug
> Task :app:generateDebugResValues
> Task :app:generateDebugResources
> Task :app:packageDebugResources
> Task :app:processDebugNavigationResources
> Task :app:mergeDebugResources
> Task :app:generateDebugBuildConfig
> Task :app:generateSafeArgsDebug
> Task :app:compileDebugNavigationResources
> Task :app:checkDebugAarMetadata
> Task :app:parseDebugLocalResources
> Task :app:mapDebugSourceSetPaths
> Task :app:dataBindingGenBaseClassesDebug
> Task :app:createDebugCompatibleScreenManifests
> Task :app:extractDeepLinksDebug
> Task :app:processDebugMainManifest
> Task :app:processDebugManifest
> Task :app:mergeDebugShaders
> Task :app:compileDebugShaders NO-SOURCE
> Task :app:generateDebugAssets UP-TO-DATE
> Task :app:javaPreCompileDebug
> Task :app:mergeDebugAssets
> Task :app:compressDebugAssets
> Task :app:desugarDebugFileDependencies
> Task :app:checkDebugDuplicateClasses
> Task :app:mergeDebugJniLibFolders
> Task :app:mergeLibDexDebug
> Task :app:validateSigningDebug
> Task :app:mergeDebugNativeLibs
> Task :app:writeDebugAppMetadata
> Task :app:writeDebugSigningConfigVersions
> Task :app:processDebugManifestForPackage
> Task :app:stripDebugDebugSymbols
> Task :app:processDebugResources FAILED
> Task :app:mergeExtDexDebug

FAILURE: Build failed with an exception.

* What went wrong:
Execution failed for task ':app:processDebugResources'.
> A failure occurred while executing com.android.build.gradle.internal.res.LinkApplicationAndroidResourcesTask$TaskAction
   > Android resource linking failed
     com.dakotagroupstaff.app-mergeDebugResources-71:/layout/item_additional_cost.xml:55: error: resource drawable/ic_delete (aka com.dakotagroupstaff:drawable/ic_delete) not found.
     error: failed linking file resources.


* Try:
> Run with --stacktrace option to get the stack trace.
> Run with --info or --debug option to get more log output.
> Run with --scan to get full insights.
> Get more help at https://help.gradle.org.

BUILD FAILED in 19s
33 actionable tasks: 33 executed
